<html>
<body>
<pre>
<h1>礦ision Build Log</h1>
<h2>Tool Versions:</h2>
IDE-Version: μVision V5.14.0.0
Copyright (C) 2015 ARM Ltd and ARM Germany GmbH. All rights reserved.
License Information: c cdl, c, LIC=----
 
Tool Versions:
Toolchain:       MDK-Lite  Version: 5.14.0.0
Toolchain Path:  D:\Keil_v5\ARM\ARMCC\Bin
C Compiler:      Armcc.exe V5.05 update 1 (build 106)
Assembler:       Armasm.exe V5.05 update 1 (build 106)
Linker/Locator:  ArmLink.exe V5.05 update 1 (build 106)
Library Manager: ArmAr.exe V5.05 update 1 (build 106)
Hex Converter:   FromElf.exe V5.05 update 1 (build 106)
CPU DLL:         SARMCM3.DLL V5.14.0.0
Dialog DLL:      DARMSTM.DLL V1.65.0.0
Target DLL:      STLink\ST-LINKIII-KEIL_SWO.dll V2.0.14.0_KEIL
Dialog DLL:      TARMSTM.DLL V1.64.0.0
 
<h2>Project:</h2>
E:\Users\cdl\Documents\2017-2021\2020b\TI\16_ADS129xEVM资料V4\1_STM32F103C8_ADS1292EVMv2\USER\PEIKI.uvprojx
Project File Date:  10/05/2020

<h2>Output:</h2>
Rebuild target 'PEIKI'
compiling core_cm3.c...
compiling system_stm32f10x.c...
compiling stm32f10x_it.c...
assembling startup_stm32f10x_md.s...
compiling misc.c...
compiling stm32f10x_gpio.c...
compiling stm32f10x_rcc.c...
compiling stm32f10x_usart.c...
compiling stm32f10x_exti.c...
compiling stm32f10x_adc.c...
compiling stm32f10x_bkp.c...
compiling stm32f10x_can.c...
compiling stm32f10x_crc.c...
compiling stm32f10x_dac.c...
compiling stm32f10x_dbgmcu.c...
compiling stm32f10x_dma.c...
compiling stm32f10x_flash.c...
compiling stm32f10x_fsmc.c...
compiling stm32f10x_i2c.c...
compiling stm32f10x_iwdg.c...
compiling stm32f10x_pwr.c...
compiling stm32f10x_rtc.c...
compiling stm32f10x_sdio.c...
compiling stm32f10x_spi.c...
compiling stm32f10x_tim.c...
compiling stm32f10x_wwdg.c...
compiling stm32f10x_cec.c...
compiling sys.c...
compiling main.c...
..\Hardware\ADS1292.h(261): warning:  #1-D: last line of file ends without a newline
  //    捕获数据并测试信号
..\Hardware\Timer.h(14): warning:  #1-D: last line of file ends without a newline
  void TIM7_Init(u16 arr,u16 psc);
main.c(42): warning:  #223-D: function "printf" declared implicitly
          printf("1292寄存器设置失败\r\n");
main.c(47): warning:  #223-D: function "printf" declared implicitly
      printf("寄存器设置成功\r\n");
main.c(16): warning:  #177-D: variable "res" was declared but never referenced
      u8 res,i,sum;
main.c(18): warning:  #177-D: variable "usbstatus" was declared but never referenced
      u8 usbstatus=0;
main.c: 6 warnings, 0 errors
compiling delay.c...
compiling usart.c...
..\Hardware\usart.c(258): warning:  #1-D: last line of file ends without a newline
  */
..\Hardware\usart.c: 1 warning, 0 errors
compiling spi.c...
..\Hardware\spi.h(172): warning:  #1-D: last line of file ends without a newline
  */
..\Hardware\spi.c: 1 warning, 0 errors
compiling Timer.c...
..\Hardware\Timer.h(14): warning:  #1-D: last line of file ends without a newline
  void TIM7_Init(u16 arr,u16 psc);
..\Hardware\Timer.c(99): warning:  #1-D: last line of file ends without a newline
   
..\Hardware\Timer.c: 2 warnings, 0 errors
compiling dma.c...
..\Hardware\dma.c(16): warning:  #177-D: variable "NVIC_InitStructure" was declared but never referenced
                NVIC_InitTypeDef NVIC_InitStructure;
..\Hardware\dma.c: 1 warning, 0 errors
compiling led.c...
compiling ADS1292.C...
..\Hardware\ADS1292.h(261): warning:  #1-D: last line of file ends without a newline
  //    捕获数据并测试信号
..\Hardware\spi.h(172): warning:  #1-D: last line of file ends without a newline
  */
..\Hardware\Timer.h(14): warning:  #1-D: last line of file ends without a newline
  void TIM7_Init(u16 arr,u16 psc);
..\Hardware\ADS1292.C(92): warning:  #167-D: argument of type "volatile u8 *" is incompatible with parameter of type "u8 *"
                                ADS1292_Read_Data(ads1292_Cache);//数据存到9字节缓冲区
..\Hardware\ADS1292.C(252): warning:  #223-D: function "printf" declared implicitly
                printf("WRITE REG:\r\n");
..\Hardware\ADS1292.C(304): warning:  #223-D: function "printf" declared implicitly
                printf("read default REG:\r\n");
..\Hardware\ADS1292.C: 6 warnings, 0 errors
compiling key.c...
..\Hardware\key.c(13): warning:  #550-D: variable "NVIC_InitStructure" was set but never used
                NVIC_InitTypeDef        NVIC_InitStructure;
..\Hardware\key.c: 1 warning, 0 errors
linking...
Program Size: Code=15600 RO-data=784 RW-data=84 ZI-data=1396  
FromELF: creating hex file...
"..\Output\STM32F103C8T6.axf" - 0 Error(s), 18 Warning(s).

<h2>Collection of Component include folders:</h2>
  E:\Users\cdl\Documents\2017-2021\2020b\TI\16_ADS129xEVM资料V4\1_STM32F103C8_ADS1292EVMv2\USER\RTE
  D:\Keil_v5\ARM\PACK\Keil\STM32F1xx_DFP\1.0.5\Device\Include

<h2>Collection of Component Files used:</h2>
</pre>
</body>
</html>
